Microchip MPLAB XC8 Compiler V2.40

Linker command line:

-W-3 \
  --edf=C:\Program Files\Microchip\xc8\v2.40\pic\dat\20220703182018_en.msgs \
  -cn -h+dist/default/production\LabsC.X.production.sym \
  --cmf=dist/default/production\LabsC.X.production.cmf -z -Q16F887 \
  -oC:\Users\USUARI~1\AppData\Local\Temp\xcAsce4.4 --defsym=__MPLAB_BUILD=1 \
  --fixupoverflow=error -Mdist/default/production/LabsC.X.production.map \
  --md=C:\Users\USUARI~1\AppData\Local\Temp\xcAsce4.dat -E1 \
  -ver=XC8 Compiler --acfsm=1493 -ACODE=00h-07FFhx4 -ASTRCODE=00h-01FFFh \
  -ASTRING=00h-0FFhx32 -ACONST=00h-0FFhx32 -AENTRY=00h-0FFhx32 \
  -ACOMMON=070h-07Fh -ABANK0=020h-06Fh -ABANK1=0A0h-0EFh \
  -ABANK2=0110h-016Fh -ABANK3=0190h-01EFh \
  -ARAM=020h-06Fh,0A0h-0EFh,0110h-016Fh,0190h-01EFh \
  -AABS1=020h-07Fh,0A0h-0EFh,0110h-016Fh,0190h-01EFh -ASFR0=00h-01Fh \
  -ASFR1=080h-09Fh -ASFR2=0100h-010Fh -ASFR3=0180h-018Fh \
  -ACONFIG=02007h-02008h -DCONFIG=2 -AIDLOC=02000h-02003h -DIDLOC=2 \
  -AEEDATA=00h-0FFh/02100h -peeprom_data=EEDATA -DEEDATA=2 -DCODE=2 \
  -DSTRCODE=2 -DSTRING=2 -DCONST=2 -DENTRY=2 \
  -preset_vec=00h,intentry=04h,init,end_init -ppowerup=CODE -pcinit=CODE \
  -pfunctab=ENTRY -k C:\Users\USUARI~1\AppData\Local\Temp\xcAsce4.o \
  dist/default/production\LabsC.X.production.o 

Object code version is 3.11

Machine type is 16F887



                Name                               Link     Load   Length Selector   Space Scale
C:\Users\USUARI~1\AppData\Local\Temp\xcAsce4.o
                end_init                              C        C        3        8       0
                reset_vec                             0        0        3        0       0
                config                             2007     2007        2        0       4
                idloc                              2000     2000        4        0       5
dist/default/production\LabsC.X.production.o
                cinit                                 F        F       1B        8       0
                intentry                              4        4        8        8       0
                config                             2007     2007        2        0       4
                idloc                              2000     2000        4        0       5
                text13                              187      187       46        8       0
                text12                               2A       2A       69        8       0
                text11                               93       93       59        8       0
                text10                               EC       EC       4F        8       0
                text9                               206      206       15        8       0
                text8                               23E      23E        B        8       0
                text7                               251      251        7        8       0
                text6                               249      249        8        8       0
                text5                               262      262        5        8       0
                text4                               267      267        4        8       0
                text3                               25D      25D        5        8       0
                text2                               258      258        5        8       0
                text1                               1CD      1CD       39        8       0
                maintext                            13B      13B       4C        8       0
                cstackBANK0                          30       30        A       20       1
                cstackCOMMON                         70       70        A       70       1
                inittext                            21B      21B       13        8       0
                dataBANK0                            20       20       10       20       1
                bssBANK0                             3A       3A        8       20       1
                bssCOMMON                            7A       7A        1       70       1
                idataBANK0                          22E      22E       10        8       0

TOTAL           Name                               Link     Load   Length     Space
        CLASS   CODE           
                end_init                              C        C        3         0
                cinit                                 F        F       1B         0
                intentry                              4        4        8         0
                reset_vec                             0        0        3         0
                text13                              187      187       46         0
                text12                               2A       2A       69         0
                text11                               93       93       59         0
                text10                               EC       EC       4F         0
                text9                               206      206       15         0
                text8                               23E      23E        B         0
                text7                               251      251        7         0
                text6                               249      249        8         0
                text5                               262      262        5         0
                text4                               267      267        4         0
                text3                               25D      25D        5         0
                text2                               258      258        5         0
                text1                               1CD      1CD       39         0
                maintext                            13B      13B       4C         0
                inittext                            21B      21B       13         0
                idataBANK0                          22E      22E       10         0

        CLASS   STRCODE        

        CLASS   STRING         

        CLASS   CONST          

        CLASS   ENTRY          

        CLASS   COMMON         
                cstackCOMMON                         70       70        A         1
                bssCOMMON                            7A       7A        1         1

        CLASS   BANK0          
                cstackBANK0                          30       30        A         1
                dataBANK0                            20       20       10         1
                bssBANK0                             3A       3A        8         1

        CLASS   BANK1          

        CLASS   BANK2          

        CLASS   BANK3          

        CLASS   RAM            

        CLASS   ABS1           
                abs_s1                               7E       7E        2         1

        CLASS   SFR0           

        CLASS   SFR1           

        CLASS   SFR2           

        CLASS   SFR3           

        CLASS   CONFIG         
                config                             2007     2007        2         4

        CLASS   IDLOC          
                idloc                              2000     2000        4         5

        CLASS   EEDATA         

        CLASS   STACK          



SEGMENTS        Name                           Load    Length   Top    Selector   Space  Class     Delta

                reset_vec                      000000  000003  000003         0       0  CODE        2
                intentry                       000004  000267  00026B         8       0  CODE        2
                dataBANK0                      000020  000022  000042        20       1  BANK0       1
                cstackCOMMON                   000070  00000B  00007B        70       1  COMMON      1


UNUSED ADDRESS RANGES

        Name                Unused          Largest block    Delta
        BANK0            0042-006F             2E           1
        BANK1            00A0-00EF             50           1
        BANK2            0110-016F             60           1
        BANK3            0190-01EF             60           1
        CODE             0003-0003              1           2
                         026B-1FFF            800
        COMMON           007B-007D              3           1
        CONST            0003-0003              1           2
                         026B-1FFF            100
        EEDATA           2100-21FF            100           2
        ENTRY            0003-0003              1           2
                         026B-1FFF            100
        RAM              0042-006F             2E           1
                         00A0-00EF             50
                         0110-016F             60
                         0190-01EF             60
        SFR0             0000-001F             20           1
        SFR1             0080-009F             20           1
        SFR2             0100-010F             10           1
        SFR3             0180-018F             10           1
        STRCODE          0003-0003              1           2
                         026B-1FFF           1D95
        STRING           0003-0003              1           2
                         026B-1FFF            100

                                  Symbol Table

?___awdiv                cstackCOMMON 0073
?___awmod                cstackCOMMON 0073
_ADCON0bits              (abs)        001F
_ADCON1bits              (abs)        009F
_ADIE                    (abs)        0466
_ADIF                    (abs)        0066
_ADRESH                  (abs)        001E
_ANSEL                   (abs)        0188
_ANSELH                  (abs)        0189
_GIE                     (abs)        005F
_OPTION_REGbits          (abs)        0081
_OSCCONbits              (abs)        008F
_PEIE                    (abs)        005E
_PORTA                   (abs)        0005
_PORTB                   (abs)        0006
_PORTC                   (abs)        0007
_PORTD                   (abs)        0008
_PORTE                   (abs)        0009
_RD0                     (abs)        0040
_RD1                     (abs)        0041
_RD2                     (abs)        0042
_RE1                     (abs)        0049
_T0IE                    (abs)        005D
_T0IF                    (abs)        005A
_TMR0                    (abs)        0001
_TRISA                   (abs)        0085
_TRISB                   (abs)        0086
_TRISC                   (abs)        0087
_TRISD                   (abs)        0088
_TRISE                   (abs)        0089
__Habs1                  abs1         0000
__Hbank0                 bank0        0000
__Hbank1                 bank1        0000
__Hbank2                 bank2        0000
__Hbank3                 bank3        0000
__HbssBANK0              bssBANK0     0000
__HbssCOMMON             bssCOMMON    0000
__Hcinit                 cinit        002A
__Hclrtext               clrtext      0000
__Hcode                  code         0000
__Hcommon                common       0000
__Hconfig                config       2009
__HcstackBANK0           cstackBANK0  0000
__HcstackCOMMON          cstackCOMMON 0000
__HdataBANK0             dataBANK0    0000
__Heeprom_data           eeprom_data  0000
__Hend_init              end_init     000F
__Hfunctab               functab      0000
__HidataBANK0            idataBANK0   0000
__Hidloc                 idloc        2004
__Hinit                  init         000C
__Hinittext              inittext     0000
__Hintentry              intentry     000C
__Hmaintext              maintext     0000
__Hpowerup               powerup      0000
__Hram                   ram          0000
__Hreset_vec             reset_vec    0003
__Hsfr0                  sfr0         0000
__Hsfr1                  sfr1         0000
__Hsfr2                  sfr2         0000
__Hsfr3                  sfr3         0000
__Hspace_0               (abs)        026B
__Hspace_1               (abs)        007B
__Hspace_2               (abs)        0000
__Hspace_3               (abs)        0000
__Hspace_4               (abs)        4010
__Hstack                 stack        0000
__Hstrings               strings      0000
__Htext                  text         0000
__Labs1                  abs1         0000
__Lbank0                 bank0        0000
__Lbank1                 bank1        0000
__Lbank2                 bank2        0000
__Lbank3                 bank3        0000
__LbssBANK0              bssBANK0     0000
__LbssCOMMON             bssCOMMON    0000
__Lcinit                 cinit        000F
__Lclrtext               clrtext      0000
__Lcode                  code         0000
__Lcommon                common       0000
__Lconfig                config       0000
__LcstackBANK0           cstackBANK0  0000
__LcstackCOMMON          cstackCOMMON 0000
__LdataBANK0             dataBANK0    0000
__Leeprom_data           eeprom_data  0000
__Lend_init              end_init     000C
__Lfunctab               functab      0000
__LidataBANK0            idataBANK0   0000
__Lidloc                 idloc        0000
__Linit                  init         000C
__Linittext              inittext     0000
__Lintentry              intentry     0004
__Lmaintext              maintext     0000
__Lpowerup               powerup      0000
__Lram                   ram          0000
__Lreset_vec             reset_vec    0000
__Lsfr0                  sfr0         0000
__Lsfr1                  sfr1         0000
__Lsfr2                  sfr2         0000
__Lsfr3                  sfr3         0000
__Lspace_0               (abs)        0000
__Lspace_1               (abs)        0000
__Lspace_2               (abs)        0000
__Lspace_3               (abs)        0000
__Lspace_4               (abs)        0000
__Lstack                 stack        0000
__Lstrings               strings      0000
__Ltext                  text         0000
__S0                     (abs)        026B
__S1                     (abs)        007B
__S3                     (abs)        0000
___awdiv                 text12       002A
___awdiv@counter         cstackBANK0  0030
___awdiv@dividend        cstackCOMMON 0075
___awdiv@divisor         cstackCOMMON 0073
___awdiv@quotient        cstackBANK0  0032
___awdiv@sign            cstackBANK0  0031
___awmod                 text11       0093
___awmod@counter         cstackCOMMON 0078
___awmod@dividend        cstackCOMMON 0075
___awmod@divisor         cstackCOMMON 0073
___awmod@sign            cstackCOMMON 0079
___int_sp                stack        0000
___latbits               (abs)        0002
___sp                    stack        0000
___stackhi               (abs)        0000
___stacklo               (abs)        0000
__end_of___awdiv         text12       0093
__end_of___awmod         text11       00EC
__end_of__initialization cinit        0026
__end_of_config_IO       text9        021B
__end_of_config_innable  text8        0249
__end_of_config_reloj    text7        0258
__end_of_config_timer0   text6        0251
__end_of_displ           text10       013B
__end_of_isr             text13       01CD
__end_of_main            maintext     0187
__end_of_selec_ch        text5        0267
__end_of_selec_just      text4        026B
__end_of_selec_reloj     text3        0262
__end_of_selec_volti     text2        025D
__end_of_setup           text1        0206
__initialization         cinit        000F
__pbssBANK0              bssBANK0     003A
__pbssCOMMON             bssCOMMON    007A
__pcstackBANK0           cstackBANK0  0030
__pcstackCOMMON          cstackCOMMON 0070
__pdataBANK0             dataBANK0    0020
__pidataBANK0            idataBANK0   022E
__pintentry              intentry     0004
__pmaintext              maintext     013B
__ptext1                 text1        01CD
__ptext10                text10       00EC
__ptext11                text11       0093
__ptext12                text12       002A
__ptext13                text13       0187
__ptext2                 text2        0258
__ptext3                 text3        025D
__ptext4                 text4        0267
__ptext5                 text5        0262
__ptext6                 text6        0249
__ptext7                 text7        0251
__ptext8                 text8        023E
__ptext9                 text9        0206
_centena                 bssBANK0     003F
_config_IO               text9        0206
_config_innable          text8        023E
_config_reloj            text7        0251
_config_timer0           text6        0249
_decena                  bssBANK0     003E
_displ                   text10       00EC
_displ_var               bssBANK0     003A
_flags                   bssCOMMON    007A
_isr                     text13       0187
_main                    maintext     013B
_residuo                 bssBANK0     0040
_selec_ch                text5        0262
_selec_just              text4        0267
_selec_reloj             text3        025D
_selec_volti             text2        0258
_setup                   text1        01CD
_tabla                   dataBANK0    0020
_unidad                  bssBANK0     003D
_var                     bssBANK0     0041
btemp                    (abs)        007E
displ@valor              cstackBANK0  0034
end_of_initialization    cinit        0026
init_fetch0              inittext     021B
init_ram0                inittext     021F
interrupt_function       intentry     0004
intlevel0                functab      0000
intlevel1                functab      0000
intlevel2                functab      0000
intlevel3                functab      0000
intlevel4                functab      0000
intlevel5                functab      0000
reset_vec                reset_vec    0000
saved_w                  (abs)        007E
start                    init         000C
start_initialization     cinit        000F
wtemp0                   (abs)        007E


MODULE INFORMATION

Module		Function		Class		Link	Load	Size
C:\Program Files\Microchip\xc8\v2.40\pic\sources\c90\common\awdiv.c
		___awdiv       		CODE           	002A	0000	105

C:\Program Files\Microchip\xc8\v2.40\pic\sources\c90\common\awdiv.c estimated size: 105

L_ADC.c
		_main          		CODE           	013B	0000	76
		_displ         		CODE           	00EC	0000	79
		_isr           		CODE           	0187	0000	70
		_setup         		CODE           	01CD	0000	57

L_ADC.c estimated size: 282

shared
		__initialization		CODE           	000F	0000	23

shared estimated size: 23

ADC.c
		_config_innable		CODE           	023E	0000	11
		_selec_just    		CODE           	0267	0000	4
		_selec_ch      		CODE           	0262	0000	5
		_selec_volti   		CODE           	0258	0000	5
		_config_IO     		CODE           	0206	0000	21
		_config_reloj  		CODE           	0251	0000	7
		_config_timer0 		CODE           	0249	0000	8
		_selec_reloj   		CODE           	025D	0000	5

ADC.c estimated size: 66

C:\Program Files\Microchip\xc8\v2.40\pic\sources\c90\common\awmod.c
		___awmod       		CODE           	0093	0000	89

C:\Program Files\Microchip\xc8\v2.40\pic\sources\c90\common\awmod.c estimated size: 89

