Microchip MPLAB XC8 Compiler V2.40

Linker command line:

-W-3 \
  --edf=C:\Program Files\Microchip\xc8\v2.40\pic\dat\20220703182018_en.msgs \
  -cn -h+dist/default/production\LabsC.X.production.sym \
  --cmf=dist/default/production\LabsC.X.production.cmf -z -Q16F887 \
  -oC:\Users\USUARI~1\AppData\Local\Temp\xcAsjp0.4 --defsym=__MPLAB_BUILD=1 \
  --fixupoverflow=error -Mdist/default/production/LabsC.X.production.map \
  --md=C:\Users\USUARI~1\AppData\Local\Temp\xcAsjp0.dat -E1 \
  -ver=XC8 Compiler --acfsm=1493 -ACODE=00h-07FFhx4 -ASTRCODE=00h-01FFFh \
  -ASTRING=00h-0FFhx32 -ACONST=00h-0FFhx32 -AENTRY=00h-0FFhx32 \
  -ACOMMON=070h-07Fh -ABANK0=020h-06Fh -ABANK1=0A0h-0EFh \
  -ABANK2=0110h-016Fh -ABANK3=0190h-01EFh \
  -ARAM=020h-06Fh,0A0h-0EFh,0110h-016Fh,0190h-01EFh \
  -AABS1=020h-07Fh,0A0h-0EFh,0110h-016Fh,0190h-01EFh -ASFR0=00h-01Fh \
  -ASFR1=080h-09Fh -ASFR2=0100h-010Fh -ASFR3=0180h-018Fh \
  -ACONFIG=02007h-02008h -DCONFIG=2 -AIDLOC=02000h-02003h -DIDLOC=2 \
  -AEEDATA=00h-0FFh/02100h -peeprom_data=EEDATA -DEEDATA=2 -DCODE=2 \
  -DSTRCODE=2 -DSTRING=2 -DCONST=2 -DENTRY=2 \
  -preset_vec=00h,intentry=04h,init,end_init -ppowerup=CODE -pcinit=CODE \
  -pfunctab=ENTRY -k C:\Users\USUARI~1\AppData\Local\Temp\xcAsjp0.o \
  dist/default/production\LabsC.X.production.o 

Object code version is 3.11

Machine type is 16F887



                Name                               Link     Load   Length Selector   Space Scale
C:\Users\USUARI~1\AppData\Local\Temp\xcAsjp0.o
                end_init                              C        C        3        8       0
                reset_vec                             0        0        3        0       0
                config                             2007     2007        2        0       4
                idloc                              2000     2000        4        0       5
dist/default/production\LabsC.X.production.o
                cinit                                 F        F        7        8       0
                intentry                              4        4        8        8       0
                config                             2007     2007        2        0       4
                idloc                              2000     2000        4        0       5
                text12                               DB       DB       17        8       0
                text11                               B9       B9       22        8       0
                text10                               16       16       46        8       0
                text9                                F2       F2       16        8       0
                text8                               108      108        E        8       0
                text7                               11E      11E        7        8       0
                text6                               116      116        8        8       0
                text5                               12F      12F        5        8       0
                text4                               134      134        4        8       0
                text3                               12A      12A        5        8       0
                text2                               125      125        5        8       0
                text1                                5C       5C       37        8       0
                maintext                             93       93       26        8       0
                cstackBANK0                          20       20        4       20       1
                cstackCOMMON                         70       70        5       70       1
                bssCOMMON                            75       75        3       70       1

TOTAL           Name                               Link     Load   Length     Space
        CLASS   CODE           
                end_init                              C        C        3         0
                cinit                                 F        F        7         0
                intentry                              4        4        8         0
                reset_vec                             0        0        3         0
                text12                               DB       DB       17         0
                text11                               B9       B9       22         0
                text10                               16       16       46         0
                text9                                F2       F2       16         0
                text8                               108      108        E         0
                text7                               11E      11E        7         0
                text6                               116      116        8         0
                text5                               12F      12F        5         0
                text4                               134      134        4         0
                text3                               12A      12A        5         0
                text2                               125      125        5         0
                text1                                5C       5C       37         0
                maintext                             93       93       26         0

        CLASS   STRCODE        

        CLASS   STRING         

        CLASS   CONST          

        CLASS   ENTRY          

        CLASS   COMMON         
                cstackCOMMON                         70       70        5         1
                bssCOMMON                            75       75        3         1

        CLASS   BANK0          
                cstackBANK0                          20       20        4         1

        CLASS   BANK1          

        CLASS   BANK2          

        CLASS   BANK3          

        CLASS   RAM            

        CLASS   ABS1           
                abs_s1                               7E       7E        2         1

        CLASS   SFR0           

        CLASS   SFR1           

        CLASS   SFR2           

        CLASS   SFR3           

        CLASS   CONFIG         
                config                             2007     2007        2         4

        CLASS   IDLOC          
                idloc                              2000     2000        4         5

        CLASS   EEDATA         

        CLASS   STACK          



SEGMENTS        Name                           Load    Length   Top    Selector   Space  Class     Delta

                reset_vec                      000000  000003  000003         0       0  CODE        2
                intentry                       000004  000134  000138         8       0  CODE        2
                cstackBANK0                    000020  000004  000024        20       1  BANK0       1
                cstackCOMMON                   000070  000008  000078        70       1  COMMON      1


UNUSED ADDRESS RANGES

        Name                Unused          Largest block    Delta
        BANK0            0024-006F             4C           1
        BANK1            00A0-00EF             50           1
        BANK2            0110-016F             60           1
        BANK3            0190-01EF             60           1
        CODE             0003-0003              1           2
                         0138-1FFF            800
        COMMON           0078-007D              6           1
        CONST            0003-0003              1           2
                         0138-1FFF            100
        EEDATA           2100-21FF            100           2
        ENTRY            0003-0003              1           2
                         0138-1FFF            100
        RAM              0024-006F             4C           1
                         00A0-00EF             50
                         0110-016F             60
                         0190-01EF             60
        SFR0             0000-001F             20           1
        SFR1             0080-009F             20           1
        SFR2             0100-010F             10           1
        SFR3             0180-018F             10           1
        STRCODE          0003-0003              1           2
                         0138-1FFF           1EC8
        STRING           0003-0003              1           2
                         0138-1FFF            100

                                  Symbol Table

Lec_EEPROM@address       cstackCOMMON 0070
_ADCON0bits              (abs)        001F
_ADCON1bits              (abs)        009F
_ADIE                    (abs)        0466
_ADIF                    (abs)        0066
_ADRESH                  (abs)        001E
_ANSEL                   (abs)        0188
_ANSELH                  (abs)        0189
_EEADR                   (abs)        010D
_EECON1bits              (abs)        018C
_EECON2                  (abs)        018D
_EEDAT                   (abs)        010C
_GIE                     (abs)        005F
_INTCONbits              (abs)        000B
_IOCB                    (abs)        0096
_Lec_EEPROM              text12       00DB
_OPTION_REGbits          (abs)        0081
_OSCCONbits              (abs)        008F
_PEIE                    (abs)        005E
_PORTA                   (abs)        0005
_PORTB                   (abs)        0006
_PORTC                   (abs)        0007
_PORTD                   (abs)        0008
_PORTE                   (abs)        0009
_RB0                     (abs)        0030
_RB1                     (abs)        0031
_RB2                     (abs)        0032
_RB3                     (abs)        0033
_RBIE                    (abs)        005B
_RBIF                    (abs)        0058
_RD                      (abs)        0C60
_RE0                     (abs)        0048
_TRISA                   (abs)        0085
_TRISB                   (abs)        0086
_TRISC                   (abs)        0087
_TRISD                   (abs)        0088
_TRISE                   (abs)        0089
_WR                      (abs)        0C61
__Habs1                  abs1         0000
__Hbank0                 bank0        0000
__Hbank1                 bank1        0000
__Hbank2                 bank2        0000
__Hbank3                 bank3        0000
__HbssCOMMON             bssCOMMON    0000
__Hcinit                 cinit        0016
__Hclrtext               clrtext      0000
__Hcode                  code         0000
__Hcommon                common       0000
__Hconfig                config       2009
__HcstackBANK0           cstackBANK0  0000
__HcstackCOMMON          cstackCOMMON 0000
__Heeprom_data           eeprom_data  0000
__Hend_init              end_init     000F
__Hfunctab               functab      0000
__Hidloc                 idloc        2004
__Hinit                  init         000C
__Hintentry              intentry     000C
__Hmaintext              maintext     0000
__Hpowerup               powerup      0000
__Hram                   ram          0000
__Hreset_vec             reset_vec    0003
__Hsfr0                  sfr0         0000
__Hsfr1                  sfr1         0000
__Hsfr2                  sfr2         0000
__Hsfr3                  sfr3         0000
__Hspace_0               (abs)        0138
__Hspace_1               (abs)        0078
__Hspace_2               (abs)        0000
__Hspace_3               (abs)        0000
__Hspace_4               (abs)        4010
__Hstack                 stack        0000
__Hstrings               strings      0000
__Htext                  text         0000
__Labs1                  abs1         0000
__Lbank0                 bank0        0000
__Lbank1                 bank1        0000
__Lbank2                 bank2        0000
__Lbank3                 bank3        0000
__LbssCOMMON             bssCOMMON    0000
__Lcinit                 cinit        000F
__Lclrtext               clrtext      0000
__Lcode                  code         0000
__Lcommon                common       0000
__Lconfig                config       0000
__LcstackBANK0           cstackBANK0  0000
__LcstackCOMMON          cstackCOMMON 0000
__Leeprom_data           eeprom_data  0000
__Lend_init              end_init     000C
__Lfunctab               functab      0000
__Lidloc                 idloc        0000
__Linit                  init         000C
__Lintentry              intentry     0004
__Lmaintext              maintext     0000
__Lpowerup               powerup      0000
__Lram                   ram          0000
__Lreset_vec             reset_vec    0000
__Lsfr0                  sfr0         0000
__Lsfr1                  sfr1         0000
__Lsfr2                  sfr2         0000
__Lsfr3                  sfr3         0000
__Lspace_0               (abs)        0000
__Lspace_1               (abs)        0000
__Lspace_2               (abs)        0000
__Lspace_3               (abs)        0000
__Lspace_4               (abs)        0000
__Lstack                 stack        0000
__Lstrings               strings      0000
__Ltext                  text         0000
__S0                     (abs)        0138
__S1                     (abs)        0078
__S3                     (abs)        0000
___int_sp                stack        0000
___latbits               (abs)        0002
___sp                    stack        0000
___stackhi               (abs)        0000
___stacklo               (abs)        0000
__end_of_Lec_EEPROM      text12       00F2
__end_of__initialization cinit        0012
__end_of_config_IO       text9        0108
__end_of_config_innable  text8        0116
__end_of_config_reloj    text7        0125
__end_of_config_timer0   text6        011E
__end_of_isr             text10       005C
__end_of_main            maintext     00B9
__end_of_selec_ch        text5        0134
__end_of_selec_just      text4        0138
__end_of_selec_reloj     text3        012F
__end_of_selec_volti     text2        012A
__end_of_setup           text1        0093
__end_of_wrt_EEPROM      text11       00DB
__initialization         cinit        000F
__pbssCOMMON             bssCOMMON    0075
__pcstackBANK0           cstackBANK0  0020
__pcstackCOMMON          cstackCOMMON 0070
__pintentry              intentry     0004
__pmaintext              maintext     0093
__ptext1                 text1        005C
__ptext10                text10       0016
__ptext11                text11       00B9
__ptext12                text12       00DB
__ptext2                 text2        0125
__ptext3                 text3        012A
__ptext4                 text4        0134
__ptext5                 text5        012F
__ptext6                 text6        0116
__ptext7                 text7        011E
__ptext8                 text8        0108
__ptext9                 text9        00F2
_address                 bssCOMMON    0077
_config_IO               text9        00F2
_config_innable          text8        0108
_config_reloj            text7        011E
_config_timer0           text6        0116
_dato                    bssCOMMON    0076
_isr                     text10       0016
_main                    maintext     0093
_mimir                   bssCOMMON    0075
_selec_ch                text5        012F
_selec_just              text4        0134
_selec_reloj             text3        012A
_selec_volti             text2        0125
_setup                   text1        005C
_wrt_EEPROM              text11       00B9
btemp                    (abs)        007E
end_of_initialization    cinit        0012
interrupt_function       intentry     0004
intlevel0                functab      0000
intlevel1                functab      0000
intlevel2                functab      0000
intlevel3                functab      0000
intlevel4                functab      0000
intlevel5                functab      0000
reset_vec                reset_vec    0000
saved_w                  (abs)        007E
start                    init         000C
start_initialization     cinit        000F
wrt_EEPROM@address       cstackCOMMON 0071
wrt_EEPROM@data          cstackCOMMON 0070
wrt_EEPROM@gieStatus     cstackCOMMON 0072
wtemp0                   (abs)        007E


MODULE INFORMATION

Module		Function		Class		Link	Load	Size
LEEPROM.c
		_config_innable		CODE           	0108	0000	14
		_selec_just    		CODE           	0134	0000	4
		_selec_ch      		CODE           	012F	0000	5
		_selec_volti   		CODE           	0125	0000	5
		_config_IO     		CODE           	00F2	0000	22
		_config_reloj  		CODE           	011E	0000	7
		_config_timer0 		CODE           	0116	0000	8
		_selec_reloj   		CODE           	012A	0000	5

LEEPROM.c estimated size: 70

EEPROM.c
		_Lec_EEPROM    		CODE           	00DB	0000	23
		_main          		CODE           	0093	0000	38
		_isr           		CODE           	0016	0000	70
		_wrt_EEPROM    		CODE           	00B9	0000	34
		_setup         		CODE           	005C	0000	55

EEPROM.c estimated size: 220

shared
		__initialization		CODE           	000F	0000	3

shared estimated size: 3

