Microchip MPLAB XC8 Compiler V2.40

Linker command line:

-W-3 \
  --edf=C:\Program Files\Microchip\xc8\v2.40\pic\dat\20220703182018_en.msgs \
  -cn -h+dist/default/production\LabsC.X.production.sym \
  --cmf=dist/default/production\LabsC.X.production.cmf -z -Q16F887 \
  -oC:\Users\USUARI~1\AppData\Local\Temp\xcAsiu4.4 --defsym=__MPLAB_BUILD=1 \
  --fixupoverflow=error -Mdist/default/production/LabsC.X.production.map \
  --md=C:\Users\USUARI~1\AppData\Local\Temp\xcAsiu4.dat -E1 \
  -ver=XC8 Compiler --acfsm=1493 -ACODE=00h-07FFhx4 -ASTRCODE=00h-01FFFh \
  -ASTRING=00h-0FFhx32 -ACONST=00h-0FFhx32 -AENTRY=00h-0FFhx32 \
  -ACOMMON=070h-07Fh -ABANK0=020h-06Fh -ABANK1=0A0h-0EFh \
  -ABANK2=0110h-016Fh -ABANK3=0190h-01EFh \
  -ARAM=020h-06Fh,0A0h-0EFh,0110h-016Fh,0190h-01EFh \
  -AABS1=020h-07Fh,0A0h-0EFh,0110h-016Fh,0190h-01EFh -ASFR0=00h-01Fh \
  -ASFR1=080h-09Fh -ASFR2=0100h-010Fh -ASFR3=0180h-018Fh \
  -ACONFIG=02007h-02008h -DCONFIG=2 -AIDLOC=02000h-02003h -DIDLOC=2 \
  -AEEDATA=00h-0FFh/02100h -peeprom_data=EEDATA -DEEDATA=2 -DCODE=2 \
  -DSTRCODE=2 -DSTRING=2 -DCONST=2 -DENTRY=2 \
  -preset_vec=00h,intentry=04h,init,end_init -ppowerup=CODE -pcinit=CODE \
  -pfunctab=ENTRY -k C:\Users\USUARI~1\AppData\Local\Temp\xcAsiu4.o \
  dist/default/production\LabsC.X.production.o 

Object code version is 3.11

Machine type is 16F887



                Name                               Link     Load   Length Selector   Space Scale
C:\Users\USUARI~1\AppData\Local\Temp\xcAsiu4.o
                end_init                              C        C        3        8       0
                reset_vec                             0        0        3        0       0
                config                             2007     2007        2        0       4
                idloc                              2000     2000        4        0       5
dist/default/production\LabsC.X.production.o
                cinit                                 F        F       15        8       0
                intentry                              4        4        8        8       0
                config                             2007     2007        2        0       4
                idloc                              2000     2000        4        0       5
                text9                               366      366       20      314       0
                text8                               22D      22D       42      314       0
                text7                               1E7      1E7       46      314       0
                text6                               26F      26F       3C      314       0
                text5                                24       24       DC        8       0
                text4                               2AB      2AB       34      314       0
                text3                               386      386       18      314       0
                text2                               341      341       25      314       0
                text1                               310      310       31      314       0
                maintext                            18A      18A       5D      314       0
                cstackBANK0                          51       51       1D       20       1
                cstackCOMMON                         70       70        A       70       1
                inittext                            39E      39E       13      314       0
                dataBANK0                            20       20       31       20       1
                bssBANK0                             6E       6E        2       20       1
                bssCOMMON                            7A       7A        1       70       1
                strings                             100      100       8A      200       0
                idataBANK0                          2DF      2DF       31      314       0

TOTAL           Name                               Link     Load   Length     Space
        CLASS   CODE           
                end_init                              C        C        3         0
                cinit                                 F        F       15         0
                intentry                              4        4        8         0
                reset_vec                             0        0        3         0
                text9                               366      366       20         0
                text8                               22D      22D       42         0
                text7                               1E7      1E7       46         0
                text6                               26F      26F       3C         0
                text5                                24       24       DC         0
                text4                               2AB      2AB       34         0
                text3                               386      386       18         0
                text2                               341      341       25         0
                text1                               310      310       31         0
                maintext                            18A      18A       5D         0
                inittext                            39E      39E       13         0
                idataBANK0                          2DF      2DF       31         0

        CLASS   STRCODE        

        CLASS   STRING         
                strings                             100      100       8A         0

        CLASS   CONST          

        CLASS   ENTRY          

        CLASS   COMMON         
                cstackCOMMON                         70       70        A         1
                bssCOMMON                            7A       7A        1         1

        CLASS   BANK0          
                cstackBANK0                          51       51       1D         1
                dataBANK0                            20       20       31         1
                bssBANK0                             6E       6E        2         1

        CLASS   BANK1          

        CLASS   BANK2          

        CLASS   BANK3          

        CLASS   RAM            

        CLASS   ABS1           
                abs_s1                               7E       7E        2         1

        CLASS   SFR0           

        CLASS   SFR1           

        CLASS   SFR2           

        CLASS   SFR3           

        CLASS   CONFIG         
                config                             2007     2007        2         4

        CLASS   IDLOC          
                idloc                              2000     2000        4         5

        CLASS   EEDATA         

        CLASS   STACK          



SEGMENTS        Name                           Load    Length   Top    Selector   Space  Class     Delta

                reset_vec                      000000  000003  000003         0       0  CODE        2
                intentry                       000004  0000FC  000100         8       0  CODE        2
                dataBANK0                      000020  000050  000070        20       1  BANK0       1
                cstackCOMMON                   000070  00000B  00007B        70       1  COMMON      1
                strings                        000100  00008A  00018A       200       0  STRING      2
                maintext                       00018A  000227  0003B1       314       0  CODE        2


UNUSED ADDRESS RANGES

        Name                Unused          Largest block    Delta
        BANK1            00A0-00EF             50           1
        BANK2            0110-016F             60           1
        BANK3            0190-01EF             60           1
        CODE             0003-0003              1           2
                         03B1-1FFF            800
        COMMON           007B-007D              3           1
        CONST            0003-0003              1           2
                         03B1-1FFF            100
        EEDATA           2100-21FF            100           2
        ENTRY            0003-0003              1           2
                         03B1-1FFF            100
        RAM              00A0-00EF             50           1
                         0110-016F             60
                         0190-01EF             60
        SFR0             0000-001F             20           1
        SFR1             0080-009F             20           1
        SFR2             0100-010F             10           1
        SFR3             0180-018F             10           1
        STRCODE          0003-0003              1           2
                         03B1-1FFF           1C4F
        STRING           0003-0003              1           2
                         03B1-1FFF            100

                                  Symbol Table

?___lwdiv                cstackCOMMON 0073
?___lwmod                cstackBANK0  0054
?_sprintf                cstackBANK0  0058
POT@CVPOT                cstackBANK0  0067
_ADCON0bits              (abs)        001F
_ADCON1bits              (abs)        009F
_ADIE                    (abs)        0466
_ADIF                    (abs)        0066
_ADRESH                  (abs)        001E
_ANSEL                   (abs)        0188
_ANSELH                  (abs)        0189
_BRG16                   (abs)        0C3B
_BRGH                    (abs)        04C2
_CREN                    (abs)        00C4
_GIE                     (abs)        005F
_OSCCON                  (abs)        008F
_PEIE                    (abs)        005E
_PIE1bits                (abs)        008C
_PIR1bits                (abs)        000C
_PORTA                   (abs)        0005
_PORTB                   (abs)        0006
_PORTD                   (abs)        0008
_POT                     text4        02AB
_RCREG                   (abs)        001A
_RCSTAbits               (abs)        0018
_SPBRG                   (abs)        0099
_SPBRGH                  (abs)        009A
_SPEN                    (abs)        00C7
_SYNC                    (abs)        04C4
_TRISA                   (abs)        0085
_TRISB                   (abs)        0086
_TRISD                   (abs)        0088
_TRISE                   (abs)        0089
_TXEN                    (abs)        04C5
_TXIF                    (abs)        0064
_TXREG                   (abs)        0019
_TXSTAbits               (abs)        0098
_TXT                     text3        0386
_Vpot                    bssBANK0     006E
__Habs1                  abs1         0000
__Hbank0                 bank0        0000
__Hbank1                 bank1        0000
__Hbank2                 bank2        0000
__Hbank3                 bank3        0000
__HbssBANK0              bssBANK0     0000
__HbssCOMMON             bssCOMMON    0000
__Hcinit                 cinit        0024
__Hclrtext               clrtext      0000
__Hcode                  code         0000
__Hcommon                common       0000
__Hconfig                config       2009
__HcstackBANK0           cstackBANK0  0000
__HcstackCOMMON          cstackCOMMON 0000
__HdataBANK0             dataBANK0    0000
__Heeprom_data           eeprom_data  0000
__Hend_init              end_init     000F
__Hfunctab               functab      0000
__HidataBANK0            idataBANK0   0000
__Hidloc                 idloc        2004
__Hinit                  init         000C
__Hinittext              inittext     0000
__Hintentry              intentry     000C
__Hmaintext              maintext     0000
__Hpowerup               powerup      0000
__Hram                   ram          0000
__Hreset_vec             reset_vec    0003
__Hsfr0                  sfr0         0000
__Hsfr1                  sfr1         0000
__Hsfr2                  sfr2         0000
__Hsfr3                  sfr3         0000
__Hspace_0               (abs)        03B1
__Hspace_1               (abs)        007B
__Hspace_2               (abs)        0000
__Hspace_3               (abs)        0000
__Hspace_4               (abs)        4010
__Hstack                 stack        0000
__Hstrings               strings      0000
__Htext                  text         0000
__Labs1                  abs1         0000
__Lbank0                 bank0        0000
__Lbank1                 bank1        0000
__Lbank2                 bank2        0000
__Lbank3                 bank3        0000
__LbssBANK0              bssBANK0     0000
__LbssCOMMON             bssCOMMON    0000
__Lcinit                 cinit        000F
__Lclrtext               clrtext      0000
__Lcode                  code         0000
__Lcommon                common       0000
__Lconfig                config       0000
__LcstackBANK0           cstackBANK0  0000
__LcstackCOMMON          cstackCOMMON 0000
__LdataBANK0             dataBANK0    0000
__Leeprom_data           eeprom_data  0000
__Lend_init              end_init     000C
__Lfunctab               functab      0000
__LidataBANK0            idataBANK0   0000
__Lidloc                 idloc        0000
__Linit                  init         000C
__Linittext              inittext     0000
__Lintentry              intentry     0004
__Lmaintext              maintext     0000
__Lpowerup               powerup      0000
__Lram                   ram          0000
__Lreset_vec             reset_vec    0000
__Lsfr0                  sfr0         0000
__Lsfr1                  sfr1         0000
__Lsfr2                  sfr2         0000
__Lsfr3                  sfr3         0000
__Lspace_0               (abs)        0000
__Lspace_1               (abs)        0000
__Lspace_2               (abs)        0000
__Lspace_3               (abs)        0000
__Lspace_4               (abs)        0000
__Lstack                 stack        0000
__Lstrings               strings      0000
__Ltext                  text         0000
__S0                     (abs)        03B1
__S1                     (abs)        007B
__S3                     (abs)        0000
___int_sp                stack        0000
___latbits               (abs)        0002
___lwdiv                 text7        01E7
___lwdiv@counter         cstackBANK0  0051
___lwdiv@dividend        cstackCOMMON 0075
___lwdiv@divisor         cstackCOMMON 0073
___lwdiv@quotient        cstackBANK0  0052
___lwmod                 text6        026F
___lwmod@counter         cstackCOMMON 0079
___lwmod@dividend        cstackBANK0  0056
___lwmod@divisor         cstackBANK0  0054
___sp                    stack        0000
___stackhi               (abs)        0000
___stacklo               (abs)        0000
__end_of_POT             text4        02DF
__end_of_TXT             text3        039E
__end_of___lwdiv         text7        022D
__end_of___lwmod         text6        02AB
__end_of__initialization cinit        0020
__end_of__stringtab      strings      0110
__end_of_cadena          text8        026F
__end_of_dpowers         strings      011A
__end_of_initUART        text2        0366
__end_of_isr             text9        0386
__end_of_main            maintext     01E7
__end_of_setup           text1        0341
__end_of_sprintf         text5        0100
__initialization         cinit        000F
__pbssBANK0              bssBANK0     006E
__pbssCOMMON             bssCOMMON    007A
__pcstackBANK0           cstackBANK0  0051
__pcstackCOMMON          cstackCOMMON 0070
__pdataBANK0             dataBANK0    0020
__pidataBANK0            idataBANK0   02DF
__pintentry              intentry     0004
__pmaintext              maintext     018A
__pstrings               strings      0100
__ptext1                 text1        0310
__ptext2                 text2        0341
__ptext3                 text3        0386
__ptext4                 text4        02AB
__ptext5                 text5        0024
__ptext6                 text6        026F
__ptext7                 text7        01E7
__ptext8                 text8        022D
__ptext9                 text9        0366
__stringbase             strings      010F
__stringtab              strings      0100
_cadena                  text8        022D
_dpowers                 strings      0110
_initUART                text2        0341
_isr                     text9        0366
_main                    maintext     018A
_menu                    dataBANK0    0020
_opcion                  bssBANK0     006F
_setup                   text1        0310
_sprintf                 text5        0024
btemp                    (abs)        007E
cadena@i                 cstackCOMMON 0078
cadena@txt               cstackCOMMON 0073
end_of_initialization    cinit        0020
init_fetch0              inittext     039E
init_ram0                inittext     03A2
interrupt_function       intentry     0004
intlevel0                functab      0000
intlevel1                functab      0000
intlevel2                functab      0000
intlevel3                functab      0000
intlevel4                functab      0000
intlevel5                functab      0000
reset_vec                reset_vec    0000
saved_w                  (abs)        007E
sprintf@ap               cstackBANK0  005E
sprintf@c                cstackBANK0  0064
sprintf@f                cstackBANK0  0058
sprintf@flag             cstackBANK0  005F
sprintf@prec             cstackBANK0  0060
sprintf@sp               cstackBANK0  0063
sprintf@val              cstackBANK0  0061
start                    init         000C
start_initialization     cinit        000F
wtemp0                   (abs)        007E


MODULE INFORMATION

Module		Function		Class		Link	Load	Size
UART.c
		_POT           		CODE           	02AB	0000	52
		_main          		CODE           	018A	0000	93
		_initUART      		CODE           	0341	0000	37
		_TXT           		CODE           	0386	0000	24
		_cadena        		CODE           	022D	0000	66
		_isr           		CODE           	0366	0000	32
		_setup         		CODE           	0310	0000	49

UART.c estimated size: 353

C:\Program Files\Microchip\xc8\v2.40\pic\sources\c90\common\doprnt.c
		_sprintf       		CODE           	0024	0000	220

C:\Program Files\Microchip\xc8\v2.40\pic\sources\c90\common\doprnt.c estimated size: 220

C:\Program Files\Microchip\xc8\v2.40\pic\sources\c90\common\lwmod.c
		___lwmod       		CODE           	026F	0000	60

C:\Program Files\Microchip\xc8\v2.40\pic\sources\c90\common\lwmod.c estimated size: 60

shared
		__stringtab    		STRING         	0100	0000	16
		_dpowers       		STRING         	0110	0000	10
		__initialization		CODE           	000F	0000	17

shared estimated size: 43

C:\Program Files\Microchip\xc8\v2.40\pic\sources\c90\common\lwdiv.c
		___lwdiv       		CODE           	01E7	0000	70

C:\Program Files\Microchip\xc8\v2.40\pic\sources\c90\common\lwdiv.c estimated size: 70

