Microchip MPLAB XC8 Compiler V2.40

Linker command line:

-W-3 \
  --edf=C:\Program Files\Microchip\xc8\v2.40\pic\dat\20220703182018_en.msgs \
  -cn -h+dist/default/production\LabsC.X.production.sym \
  --cmf=dist/default/production\LabsC.X.production.cmf -z -Q16F887 \
  -oC:\Users\USUARI~1\AppData\Local\Temp\xcAs74s.4 --defsym=__MPLAB_BUILD=1 \
  --fixupoverflow=error -Mdist/default/production/LabsC.X.production.map \
  --md=C:\Users\USUARI~1\AppData\Local\Temp\xcAs74s.dat -E1 \
  -ver=XC8 Compiler --acfsm=1493 -ACODE=00h-07FFhx4 -ASTRCODE=00h-01FFFh \
  -ASTRING=00h-0FFhx32 -ACONST=00h-0FFhx32 -AENTRY=00h-0FFhx32 \
  -ACOMMON=070h-07Fh -ABANK0=020h-06Fh -ABANK1=0A0h-0EFh \
  -ABANK2=0110h-016Fh -ABANK3=0190h-01EFh \
  -ARAM=020h-06Fh,0A0h-0EFh,0110h-016Fh,0190h-01EFh \
  -AABS1=020h-07Fh,0A0h-0EFh,0110h-016Fh,0190h-01EFh -ASFR0=00h-01Fh \
  -ASFR1=080h-09Fh -ASFR2=0100h-010Fh -ASFR3=0180h-018Fh \
  -ACONFIG=02007h-02008h -DCONFIG=2 -AIDLOC=02000h-02003h -DIDLOC=2 \
  -AEEDATA=00h-0FFh/02100h -peeprom_data=EEDATA -DEEDATA=2 -DCODE=2 \
  -DSTRCODE=2 -DSTRING=2 -DCONST=2 -DENTRY=2 \
  -preset_vec=00h,intentry=04h,init,end_init -ppowerup=CODE -pcinit=CODE \
  -pfunctab=ENTRY -k C:\Users\USUARI~1\AppData\Local\Temp\xcAs74s.o \
  dist/default/production\LabsC.X.production.o 

Object code version is 3.11

Machine type is 16F887



                Name                               Link     Load   Length Selector   Space Scale
C:\Users\USUARI~1\AppData\Local\Temp\xcAs74s.o
                end_init                             12       12        3        8       0
                reset_vec                             0        0        3        0       0
                config                             2007     2007        2        0       4
                idloc                              2000     2000        4        0       5
dist/default/production\LabsC.X.production.o
                cinit                                15       15        D        8       0
                intentry                              4        4        E        8       0
                config                             2007     2007        2        0       4
                idloc                              2000     2000        4        0       5
                text13                              226      226       2D        8       0
                text12                              29E      29E       24      4F2       0
                text11                              178      178       44        8       0
                text10                              1BC      1BC       3A        8       0
                text9                                22       22       F1        8       0
                text8                               1F6      1F6       30        8       0
                text7                               113      113       65        8       0
                text6                               2FC      2FC       15      4F2       0
                text5                               311      311       10      4F2       0
                text4                               329      329        7      4F2       0
                text3                               321      321        8      4F2       0
                text2                               279      279       25      4F2       0
                text1                               2E2      2E2       1A      4F2       0
                maintext                            2C2      2C2       20      4F2       0
                cstackBANK0                          20       20       25       20       1
                cstackCOMMON                         70       70        E       70       1
                cstackBANK1                          A0       A0        3       A0       1
                bssBANK0                             45       45        7       20       1
                strings                             253      253       26      4A6       0

TOTAL           Name                               Link     Load   Length     Space
        CLASS   CODE           
                end_init                             12       12        3         0
                cinit                                15       15        D         0
                intentry                              4        4        E         0
                reset_vec                             0        0        3         0
                text13                              226      226       2D         0
                text12                              29E      29E       24         0
                text11                              178      178       44         0
                text10                              1BC      1BC       3A         0
                text9                                22       22       F1         0
                text8                               1F6      1F6       30         0
                text7                               113      113       65         0
                text6                               2FC      2FC       15         0
                text5                               311      311       10         0
                text4                               329      329        7         0
                text3                               321      321        8         0
                text2                               279      279       25         0
                text1                               2E2      2E2       1A         0
                maintext                            2C2      2C2       20         0

        CLASS   STRCODE        

        CLASS   STRING         
                strings                             253      253       26         0

        CLASS   CONST          

        CLASS   ENTRY          

        CLASS   COMMON         
                cstackCOMMON                         70       70        E         1

        CLASS   BANK0          
                cstackBANK0                          20       20       25         1
                bssBANK0                             45       45        7         1

        CLASS   BANK1          
                cstackBANK1                          A0       A0        3         1

        CLASS   BANK2          

        CLASS   BANK3          

        CLASS   RAM            

        CLASS   ABS1           
                abs_s1                               7E       7E        2         1

        CLASS   SFR0           

        CLASS   SFR1           

        CLASS   SFR2           

        CLASS   SFR3           

        CLASS   CONFIG         
                config                             2007     2007        2         4

        CLASS   IDLOC          
                idloc                              2000     2000        4         5

        CLASS   EEDATA         

        CLASS   STACK          



SEGMENTS        Name                           Load    Length   Top    Selector   Space  Class     Delta

                reset_vec                      000000  000003  000003         0       0  CODE        2
                intentry                       000004  00024F  000253         8       0  CODE        2
                cstackBANK0                    000020  00002C  00004C        20       1  BANK0       1
                cstackCOMMON                   000070  00000E  00007E        70       1  COMMON      1
                cstackBANK1                    0000A0  000003  0000A3        A0       1  BANK1       1
                strings                        000253  000026  000279       4A6       0  STRING      2
                text2                          000279  0000B7  000330       4F2       0  CODE        2


UNUSED ADDRESS RANGES

        Name                Unused          Largest block    Delta
        BANK0            004C-006F             24           1
        BANK1            00A3-00EF             4D           1
        BANK2            0110-016F             60           1
        BANK3            0190-01EF             60           1
        CODE             0003-0003              1           2
                         0330-1FFF            800
        CONST            0003-0003              1           2
                         0330-1FFF            100
        EEDATA           2100-21FF            100           2
        ENTRY            0003-0003              1           2
                         0330-1FFF            100
        RAM              004C-006F             24           1
                         00A3-00EF             4D
                         0110-016F             60
                         0190-01EF             60
        SFR0             0000-001F             20           1
        SFR1             0080-009F             20           1
        SFR2             0100-010F             10           1
        SFR3             0180-018F             10           1
        STRCODE          0003-0003              1           2
                         0330-1FFF           1CD0
        STRING           0003-0003              1           2
                         0330-1FFF            100

                                  Symbol Table

?___lwdiv                cstackCOMMON 0070
?___lwmod                cstackCOMMON 0078
?_sprintf                cstackBANK0  0020
_ADIE                    (abs)        0466
_ADIF                    (abs)        0066
_ANSEL                   (abs)        0188
_ANSELH                  (abs)        0189
_BRG16                   (abs)        0C3B
_BRGH                    (abs)        04C2
_CREN                    (abs)        00C4
_GIE                     (abs)        005F
_INTCONbits              (abs)        000B
_IOCB                    (abs)        0096
_OPTION_REGbits          (abs)        0081
_OSCCONbits              (abs)        008F
_PEIE                    (abs)        005E
_PIE1bits                (abs)        008C
_PIR1bits                (abs)        000C
_PORTA                   (abs)        0005
_PORTB                   (abs)        0006
_PORTC                   (abs)        0007
_PORTD                   (abs)        0008
_PORTE                   (abs)        0009
_RB0                     (abs)        0030
_RB1                     (abs)        0031
_RB2                     (abs)        0032
_RB3                     (abs)        0033
_RB4                     (abs)        0034
_RBIE                    (abs)        005B
_RBIF                    (abs)        0058
_RCREG                   (abs)        001A
_RCSTAbits               (abs)        0018
_RE0                     (abs)        0048
_SPBRG                   (abs)        0099
_SPBRGH                  (abs)        009A
_SPEN                    (abs)        00C7
_SYNC                    (abs)        04C4
_TRISA                   (abs)        0085
_TRISB                   (abs)        0086
_TRISC                   (abs)        0087
_TRISD                   (abs)        0088
_TRISE                   (abs)        0089
_TXEN                    (abs)        04C5
_TXIF                    (abs)        0064
_TXREG                   (abs)        0019
_TXSTAbits               (abs)        0098
_TXT                     text13       0226
_WPUB                    (abs)        0095
__Habs1                  abs1         0000
__Hbank0                 bank0        0000
__Hbank1                 bank1        0000
__Hbank2                 bank2        0000
__Hbank3                 bank3        0000
__HbssBANK0              bssBANK0     0000
__Hcinit                 cinit        0022
__Hclrtext               clrtext      0000
__Hcode                  code         0000
__Hcommon                common       0000
__Hconfig                config       2009
__HcstackBANK0           cstackBANK0  0000
__HcstackBANK1           cstackBANK1  0000
__HcstackCOMMON          cstackCOMMON 0000
__Heeprom_data           eeprom_data  0000
__Hend_init              end_init     0015
__Hfunctab               functab      0000
__Hidloc                 idloc        2004
__Hinit                  init         0012
__Hintentry              intentry     0012
__Hmaintext              maintext     0000
__Hpowerup               powerup      0000
__Hram                   ram          0000
__Hreset_vec             reset_vec    0003
__Hsfr0                  sfr0         0000
__Hsfr1                  sfr1         0000
__Hsfr2                  sfr2         0000
__Hsfr3                  sfr3         0000
__Hspace_0               (abs)        0330
__Hspace_1               (abs)        00A3
__Hspace_2               (abs)        0000
__Hspace_3               (abs)        0000
__Hspace_4               (abs)        4010
__Hstack                 stack        0000
__Hstrings               strings      0000
__Htext                  text         0000
__Labs1                  abs1         0000
__Lbank0                 bank0        0000
__Lbank1                 bank1        0000
__Lbank2                 bank2        0000
__Lbank3                 bank3        0000
__LbssBANK0              bssBANK0     0000
__Lcinit                 cinit        0015
__Lclrtext               clrtext      0000
__Lcode                  code         0000
__Lcommon                common       0000
__Lconfig                config       0000
__LcstackBANK0           cstackBANK0  0000
__LcstackBANK1           cstackBANK1  0000
__LcstackCOMMON          cstackCOMMON 0000
__Leeprom_data           eeprom_data  0000
__Lend_init              end_init     0012
__Lfunctab               functab      0000
__Lidloc                 idloc        0000
__Linit                  init         0012
__Lintentry              intentry     0004
__Lmaintext              maintext     0000
__Lpowerup               powerup      0000
__Lram                   ram          0000
__Lreset_vec             reset_vec    0000
__Lsfr0                  sfr0         0000
__Lsfr1                  sfr1         0000
__Lsfr2                  sfr2         0000
__Lsfr3                  sfr3         0000
__Lspace_0               (abs)        0000
__Lspace_1               (abs)        0000
__Lspace_2               (abs)        0000
__Lspace_3               (abs)        0000
__Lspace_4               (abs)        0000
__Lstack                 stack        0000
__Lstrings               strings      0000
__Ltext                  text         0000
__S0                     (abs)        0330
__S1                     (abs)        00A3
__S3                     (abs)        0000
___int_sp                stack        0000
___latbits               (abs)        0002
___lwdiv                 text11       0178
___lwdiv@counter         cstackCOMMON 0077
___lwdiv@dividend        cstackCOMMON 0072
___lwdiv@divisor         cstackCOMMON 0070
___lwdiv@quotient        cstackCOMMON 0075
___lwmod                 text10       01BC
___lwmod@counter         cstackCOMMON 007D
___lwmod@dividend        cstackCOMMON 007A
___lwmod@divisor         cstackCOMMON 0078
___sp                    stack        0000
___stackhi               (abs)        0000
___stacklo               (abs)        0000
__end_of_TXT             text13       0253
__end_of___lwdiv         text11       01BC
__end_of___lwmod         text10       01F6
__end_of__initialization cinit        001E
__end_of__stringtab      strings      0259
__end_of_cadena          text12       02C2
__end_of_config_IO       text6        0311
__end_of_config_innable  text5        0321
__end_of_config_reloj    text4        0330
__end_of_config_timer0   text3        0329
__end_of_dpowers         strings      0263
__end_of_initUART        text2        029E
__end_of_isr             text7        0178
__end_of_main            maintext     02E2
__end_of_setup           text1        02FC
__end_of_sprintf         text9        0113
__end_of_valor_PORT      text8        0226
__initialization         cinit        0015
__pbssBANK0              bssBANK0     0045
__pcstackBANK0           cstackBANK0  0020
__pcstackBANK1           cstackBANK1  00A0
__pcstackCOMMON          cstackCOMMON 0070
__pintentry              intentry     0004
__pmaintext              maintext     02C2
__pstrings               strings      0253
__ptext1                 text1        02E2
__ptext10                text10       01BC
__ptext11                text11       0178
__ptext12                text12       029E
__ptext13                text13       0226
__ptext2                 text2        0279
__ptext3                 text3        0321
__ptext4                 text4        0329
__ptext5                 text5        0311
__ptext6                 text6        02FC
__ptext7                 text7        0113
__ptext8                 text8        01F6
__ptext9                 text9        0022
__stringbase             strings      0258
__stringtab              strings      0253
_cadena                  text12       029E
_config_IO               text6        02FC
_config_innable          text5        0311
_config_reloj            text4        0329
_config_timer0           text3        0321
_data                    bssBANK0     0048
_dpowers                 strings      0259
_initUART                text2        0279
_isr                     text7        0113
_main                    maintext     02C2
_recept                  bssBANK0     0047
_setup                   text1        02E2
_sprintf                 text9        0022
_transmit                bssBANK0     0046
_valor_PORT              text8        01F6
btemp                    (abs)        007E
cadena@i                 cstackCOMMON 0071
cadena@txt               cstackCOMMON 0073
end_of_initialization    cinit        001E
interrupt_function       intentry     0004
intlevel0                functab      0000
intlevel1                functab      0000
intlevel2                functab      0000
intlevel3                functab      0000
intlevel4                functab      0000
intlevel5                functab      0000
reset_vec                reset_vec    0000
saved_w                  (abs)        007E
sprintf@ap               cstackBANK0  0028
sprintf@c                cstackBANK0  002C
sprintf@f                cstackBANK0  0020
sprintf@flag             cstackBANK0  0026
sprintf@prec             cstackBANK0  0027
sprintf@sp               cstackBANK0  002B
sprintf@val              cstackBANK0  0029
start                    init         0012
start_initialization     cinit        0015
valor_PORT@numero        cstackBANK0  003F
valor_PORT@oracion       cstackBANK0  0030
valor_PORT@puerto        cstackBANK0  002D
wtemp0                   (abs)        007E


MODULE INFORMATION

Module		Function		Class		Link	Load	Size
adafruit.c
		_main          		CODE           	02C2	0000	32
		_TXT           		CODE           	0226	0000	45
		_cadena        		CODE           	029E	0000	36
		_isr           		CODE           	0113	0000	101
		_setup         		CODE           	02E2	0000	26
		_valor_PORT    		CODE           	01F6	0000	48

adafruit.c estimated size: 288

C:\Program Files\Microchip\xc8\v2.40\pic\sources\c90\common\doprnt.c
		_sprintf       		CODE           	0022	0000	241

C:\Program Files\Microchip\xc8\v2.40\pic\sources\c90\common\doprnt.c estimated size: 241

C:\Program Files\Microchip\xc8\v2.40\pic\sources\c90\common\lwmod.c
		___lwmod       		CODE           	01BC	0000	58

C:\Program Files\Microchip\xc8\v2.40\pic\sources\c90\common\lwmod.c estimated size: 58

shared
		__stringtab    		STRING         	0253	0000	6
		_dpowers       		STRING         	0259	0000	10
		__initialization		CODE           	0015	0000	9

shared estimated size: 25

Ladafruit.c
		_config_innable		CODE           	0311	0000	16
		_initUART      		CODE           	0279	0000	37
		_config_IO     		CODE           	02FC	0000	21
		_config_reloj  		CODE           	0329	0000	7
		_config_timer0 		CODE           	0321	0000	8

Ladafruit.c estimated size: 89

C:\Program Files\Microchip\xc8\v2.40\pic\sources\c90\common\lwdiv.c
		___lwdiv       		CODE           	0178	0000	68

C:\Program Files\Microchip\xc8\v2.40\pic\sources\c90\common\lwdiv.c estimated size: 68

